
894142@PCIN509506 MINGW64 /c/git (master)
$ ls -al
total 13
drwxr-xr-x 1 894142 1049089  0 Apr 15 14:20 ./
drwxr-xr-x 1 894142 1049089  0 Apr 15 14:17 ../
drwxr-xr-x 1 894142 1049089  0 Apr 15 14:21 .git/
-rw-r--r-- 1 894142 1049089 31 Apr 15 14:20 welcome.txt

894142@PCIN509506 MINGW64 /c/git (master)
$ touch file1.log

894142@PCIN509506 MINGW64 /c/git (master)
$ mkdir log

894142@PCIN509506 MINGW64 /c/git (master)
$ git status
On branch master
nothing to commit, working tree clean

894142@PCIN509506 MINGW64 /c/git (master)
$ git status --ignored
On branch master
Ignored files:
  (use "git add -f <file>..." to include in what will be committed)
        file1.log

nothing to commit, working tree clean

894142@PCIN509506 MINGW64 /c/git (master)
$ git branch
* master

894142@PCIN509506 MINGW64 /c/git (master)
$ git status
On branch master
nothing to commit, working tree clean

894142@PCIN509506 MINGW64 /c/git (master)
$ git branch GitNewBranch

894142@PCIN509506 MINGW64 /c/git (master)
$ git branch
  GitNewBranch
* master

894142@PCIN509506 MINGW64 /c/git (master)
$ git checkout GitNewBranch
Switched to branch 'GitNewBranch'

894142@PCIN509506 MINGW64 /c/git (GitNewBranch)
$ git branch
* GitNewBranch
  master

894142@PCIN509506 MINGW64 /c/git (GitNewBranch)
$ vi file2.txt

894142@PCIN509506 MINGW64 /c/git (GitNewBranch)
$ git status
On branch GitNewBranch
Untracked files:
  (use "git add <file>..." to include in what will be committed)
        file2.txt

nothing added to commit but untracked files present (use "git add" to track)

894142@PCIN509506 MINGW64 /c/git (GitNewBranch)
$ git add .

894142@PCIN509506 MINGW64 /c/git (GitNewBranch)
$ git commit -m "added file2.txt"
[GitNewBranch ac505b5] added file2.txt
 1 file changed, 2 insertions(+)
 create mode 100644 file2.txt

894142@PCIN509506 MINGW64 /c/git (GitNewBranch)
$ git status
On branch GitNewBranch
nothing to commit, working tree clean

894142@PCIN509506 MINGW64 /c/git (GitNewBranch)
$ git push origin GitNewBranch
Enumerating objects: 4, done.
Counting objects: 100% (4/4), done.
Delta compression using up to 6 threads
Compressing objects: 100% (2/2), done.
Writing objects: 100% (3/3), 294 bytes | 294.00 KiB/s, done.
Total 3 (delta 0), reused 0 (delta 0), pack-reused 0
remote:
remote: Create a pull request for 'GitNewBranch' on GitHub by visiting:
remote:      https://github.com/shubhamkul21/git/pull/new/GitNewBranch
remote:
To https://github.com/shubhamkul21/git.git
 * [new branch]      GitNewBranch -> GitNewBranch

894142@PCIN509506 MINGW64 /c/git (GitNewBranch)
$ git log --oneline GitNewBranch
ac505b5 (HEAD -> GitNewBranch, origin/GitNewBranch) added file2.txt
1949b2d (origin/master, master) first commit

894142@PCIN509506 MINGW64 /c/git (GitNewBranch)
$ git log --oneline master
1949b2d (origin/master, master) first commit

894142@PCIN509506 MINGW64 /c/git (GitNewBranch)
$ git checkout master
Switched to branch 'master'

894142@PCIN509506 MINGW64 /c/git (master)
$ git ls-l files
git: 'ls-l' is not a git command. See 'git --help'.

The most similar command is
        ls-files

894142@PCIN509506 MINGW64 /c/git (master)
$ git merge GitNewBranch
Updating 1949b2d..ac505b5
Fast-forward
 file2.txt | 2 ++
 1 file changed, 2 insertions(+)
 create mode 100644 file2.txt

894142@PCIN509506 MINGW64 /c/git (master)
$ git log --oneline master
ac505b5 (HEAD -> master, origin/GitNewBranch, GitNewBranch) added file2.txt
1949b2d (origin/master) first commit

894142@PCIN509506 MINGW64 /c/git (master)
$  git push origin master
Total 0 (delta 0), reused 0 (delta 0), pack-reused 0
To https://github.com/shubhamkul21/git.git
   1949b2d..ac505b5  master -> master

894142@PCIN509506 MINGW64 /c/git (master)
$ git branch
  GitNewBranch
* master

894142@PCIN509506 MINGW64 /c/git (master)
$ git branch GitWork

894142@PCIN509506 MINGW64 /c/git (master)
$ git branch
  GitNewBranch
  GitWork
* master

894142@PCIN509506 MINGW64 /c/git (master)
$ git checkout GitWork
Switched to branch 'GitWork'

894142@PCIN509506 MINGW64 /c/git (GitWork)
$ vi hello.xml

894142@PCIN509506 MINGW64 /c/git (GitWork)
$ git log --oneline GitWork
ac505b5 (HEAD -> GitWork, origin/master, origin/GitNewBranch, master, GitNewBranch) added file2.txt
1949b2d first commit

894142@PCIN509506 MINGW64 /c/git (GitWork)
$  git log --oneline master
ac505b5 (HEAD -> GitWork, origin/master, origin/GitNewBranch, master, GitNewBranch) added file2.txt
1949b2d first commit

894142@PCIN509506 MINGW64 /c/git (GitWork)
$ git add .

894142@PCIN509506 MINGW64 /c/git (GitWork)
$ git commit -m "added hello.xml"
[GitWork f416e9e] added hello.xml
 1 file changed, 1 insertion(+)
 create mode 100644 hello.xml

894142@PCIN509506 MINGW64 /c/git (GitWork)
$  git log --oneline GitWork
f416e9e (HEAD -> GitWork) added hello.xml
ac505b5 (origin/master, origin/GitNewBranch, master, GitNewBranch) added file2.txt
1949b2d first commit

894142@PCIN509506 MINGW64 /c/git (GitWork)
$ git log --oneline master
ac505b5 (origin/master, origin/GitNewBranch, master, GitNewBranch) added file2.txt
1949b2d first commit

894142@PCIN509506 MINGW64 /c/git (GitWork)
$ git checkout master
Switched to branch 'master'

894142@PCIN509506 MINGW64 /c/git (master)
$ vi hello.xml

894142@PCIN509506 MINGW64 /c/git (master)
$ git add .

894142@PCIN509506 MINGW64 /c/git (master)
$ git commit -m "added hello.xml from master branch"
[master e38ca27] added hello.xml from master branch
 1 file changed, 1 insertion(+)
 create mode 100644 hello.xml

894142@PCIN509506 MINGW64 /c/git (master)
$ git log --oneline master
e38ca27 (HEAD -> master) added hello.xml from master branch
ac505b5 (origin/master, origin/GitNewBranch, GitNewBranch) added file2.txt
1949b2d first commit

894142@PCIN509506 MINGW64 /c/git (master)
$ git log --oneline GitWork
f416e9e (GitWork) added hello.xml
ac505b5 (origin/master, origin/GitNewBranch, GitNewBranch) added file2.txt
1949b2d first commit

894142@PCIN509506 MINGW64 /c/git (master)
$ git diff

894142@PCIN509506 MINGW64 /c/git (master)
$ git diff hello.xml

894142@PCIN509506 MINGW64 /c/git (master)
$ vi hello.xml

894142@PCIN509506 MINGW64 /c/git (master)
$ git diff hello.xml

894142@PCIN509506 MINGW64 /c/git (master)
$ git log --oneline --graph --decorate
* e38ca27 (HEAD -> master) added hello.xml from master branch
* ac505b5 (origin/master, origin/GitNewBranch, GitNewBranch) added file2.txt
* 1949b2d first commit

894142@PCIN509506 MINGW64 /c/git (master)
$ git log --oneline master
e38ca27 (HEAD -> master) added hello.xml from master branch
ac505b5 (origin/master, origin/GitNewBranch, GitNewBranch) added file2.txt
1949b2d first commit

894142@PCIN509506 MINGW64 /c/git (master)
$ git status
On branch master
nothing to commit, working tree clean

894142@PCIN509506 MINGW64 /c/git (master)
$ git commit -m "modified hello.xml from master"
On branch master
nothing to commit, working tree clean

894142@PCIN509506 MINGW64 /c/git (master)
$ vi hello.xml

894142@PCIN509506 MINGW64 /c/git (master)
$ git add .

894142@PCIN509506 MINGW64 /c/git (master)
$ git commit -m "added hello.xml from master branch"
[master 2f17427] added hello.xml from master branch
 1 file changed, 1 insertion(+), 1 deletion(-)

894142@PCIN509506 MINGW64 /c/git (master)
$ git log --oneline master
2f17427 (HEAD -> master) added hello.xml from master branch
e38ca27 added hello.xml from master branch
ac505b5 (origin/master, origin/GitNewBranch, GitNewBranch) added file2.txt
1949b2d first commit

894142@PCIN509506 MINGW64 /c/git (master)
$ git log --oneline GitWork
f416e9e (GitWork) added hello.xml
ac505b5 (origin/master, origin/GitNewBranch, GitNewBranch) added file2.txt
1949b2d first commit

894142@PCIN509506 MINGW64 /c/git (master)
$  git diff

894142@PCIN509506 MINGW64 /c/git (master)
$ git diff hello.xml

894142@PCIN509506 MINGW64 /c/git (master)
$ vi hello.xml

894142@PCIN509506 MINGW64 /c/git (master)
$ git diff hello.xml
diff --git a/hello.xml b/hello.xml
index 93c5c99..ba4f376 100644
--- a/hello.xml
+++ b/hello.xml
@@ -1 +1 @@
- hello in master second
+ hello in master second2:

894142@PCIN509506 MINGW64 /c/git (master)
$ vi hello.xml

894142@PCIN509506 MINGW64 /c/git (master)
$ git diff hello.xml

894142@PCIN509506 MINGW64 /c/git (master)
$ vi hello.xml

894142@PCIN509506 MINGW64 /c/git (master)
$ git diff hello.xml
diff --git a/hello.xml b/hello.xml
index 93c5c99..da2f95e 100644
--- a/hello.xml
+++ b/hello.xml
@@ -1 +1 @@
- hello in master second
+ hello in master second2

894142@PCIN509506 MINGW64 /c/git (master)
$ git log -oneline --graph --decorate
fatal: unrecognized argument: -oneline

894142@PCIN509506 MINGW64 /c/git (master)
$  git log --oneline --graph --decorate
* 2f17427 (HEAD -> master) added hello.xml from master branch
* e38ca27 added hello.xml from master branch
* ac505b5 (origin/master, origin/GitNewBranch, GitNewBranch) added file2.txt
* 1949b2d first commit

894142@PCIN509506 MINGW64 /c/git (master)
$ git log --oneline master
2f17427 (HEAD -> master) added hello.xml from master branch
e38ca27 added hello.xml from master branch
ac505b5 (origin/master, origin/GitNewBranch, GitNewBranch) added file2.txt
1949b2d first commit

894142@PCIN509506 MINGW64 /c/git (master)
$ git status
On branch master
Changes not staged for commit:
  (use "git add <file>..." to update what will be committed)
  (use "git restore <file>..." to discard changes in working directory)
        modified:   hello.xml

no changes added to commit (use "git add" and/or "git commit -a")

894142@PCIN509506 MINGW64 /c/git (master)
$ git commit -m "modified hello.xml from master"
On branch master
Changes not staged for commit:
  (use "git add <file>..." to update what will be committed)
  (use "git restore <file>..." to discard changes in working directory)
        modified:   hello.xml

no changes added to commit (use "git add" and/or "git commit -a")

894142@PCIN509506 MINGW64 /c/git (master)
$ git status
On branch master
Changes not staged for commit:
  (use "git add <file>..." to update what will be committed)
  (use "git restore <file>..." to discard changes in working directory)
        modified:   hello.xml

no changes added to commit (use "git add" and/or "git commit -a")

894142@PCIN509506 MINGW64 /c/git (master)
$ git add .

894142@PCIN509506 MINGW64 /c/git (master)
$ git commit -m "modified hello.xml from master"
[master ae82b4b] modified hello.xml from master
 1 file changed, 1 insertion(+), 1 deletion(-)

894142@PCIN509506 MINGW64 /c/git (master)
$ git status
On branch master
nothing to commit, working tree clean

894142@PCIN509506 MINGW64 /c/git (master)
$ git log --oneline master
ae82b4b (HEAD -> master) modified hello.xml from master
2f17427 added hello.xml from master branch
e38ca27 added hello.xml from master branch
ac505b5 (origin/master, origin/GitNewBranch, GitNewBranch) added file2.txt
1949b2d first commit

894142@PCIN509506 MINGW64 /c/git (master)
$ git log --oneline GitWork
f416e9e (GitWork) added hello.xml
ac505b5 (origin/master, origin/GitNewBranch, GitNewBranch) added file2.txt
1949b2d first commit

894142@PCIN509506 MINGW64 /c/git (master)
$ git checkout GitWork
Switched to branch 'GitWork'

894142@PCIN509506 MINGW64 /c/git (GitWork)
$ git checkout master
Switched to branch 'master'

894142@PCIN509506 MINGW64 /c/git (master)
$ git merge GitWork
CONFLICT (add/add): Merge conflict in hello.xml
Auto-merging hello.xml
Automatic merge failed; fix conflicts and then commit the result.

894142@PCIN509506 MINGW64 /c/git (master|MERGING)
$ cat hello.xml
<<<<<<< HEAD
 hello in master second2
=======
hello
>>>>>>> GitWork

894142@PCIN509506 MINGW64 /c/git (master|MERGING)
$ git log --oneline master
ae82b4b (HEAD -> master) modified hello.xml from master
2f17427 added hello.xml from master branch
e38ca27 added hello.xml from master branch
ac505b5 (origin/master, origin/GitNewBranch, GitNewBranch) added file2.txt
1949b2d first commit

894142@PCIN509506 MINGW64 /c/git (master|MERGING)
$ git status
On branch master
You have unmerged paths.
  (fix conflicts and run "git commit")
  (use "git merge --abort" to abort the merge)

Unmerged paths:
  (use "git add <file>..." to mark resolution)
        both added:      hello.xml

no changes added to commit (use "git add" and/or "git commit -a")

894142@PCIN509506 MINGW64 /c/git (master|MERGING)
$ git add .

894142@PCIN509506 MINGW64 /c/git (master|MERGING)
$ git commit -m "hello.xml merged"
[master 447ccee] hello.xml merged

894142@PCIN509506 MINGW64 /c/git (master)
$ git log --oneline master
447ccee (HEAD -> master) hello.xml merged
ae82b4b modified hello.xml from master
2f17427 added hello.xml from master branch
e38ca27 added hello.xml from master branch
f416e9e (GitWork) added hello.xml
ac505b5 (origin/master, origin/GitNewBranch, GitNewBranch) added file2.txt
1949b2d first commit

894142@PCIN509506 MINGW64 /c/git (master)
$ cat hello.xml
<<<<<<< HEAD
 hello in master second2
=======
hello
>>>>>>> GitWork

894142@PCIN509506 MINGW64 /c/git (master)
$
